
> kinimatic@0.1.0 build
> next build

  Γû▓ Next.js 14.2.20

   Creating an optimized production build ...
 Γ£ô Compiled successfully
   Linting and checking validity of types ...
node.exe : 
At line:1 char:1
+ & "C:\Program 
Files\nodejs/node.exe" 
"C:\Program 
Files\nodejs/node_mo ...
+ ~~~~~~~~~~~~~~~~~~~~~~~~~
~~~~~~~~~~~~~~~~~~~~~~~~~~~
~~~~~~~~~~~~~~~~~
    + CategoryInfo         
     : NotSpecified: (:St  
  ring) [], RemoteExcept   
 ion
    + FullyQualifiedErrorI 
   d : NativeCommandError
 
Failed to compile.

./app/about/AboutPageSectio
n.jsx
161:37  Warning: Using 
`<img>` could result in 
slower LCP and higher 
bandwidth. Consider using 
`<Image />` from 
`next/image` to 
automatically optimize 
images. This may incur 
additional usage or cost 
from your provider. See: ht
tps://nextjs.org/docs/messa
ges/no-img-element  
@next/next/no-img-element
179:37  Warning: Using 
`<img>` could result in 
slower LCP and higher 
bandwidth. Consider using 
`<Image />` from 
`next/image` to 
automatically optimize 
images. This may incur 
additional usage or cost 
from your provider. See: ht
tps://nextjs.org/docs/messa
ges/no-img-element  
@next/next/no-img-element
197:37  Warning: Using 
`<img>` could result in 
slower LCP and higher 
bandwidth. Consider using 
`<Image />` from 
`next/image` to 
automatically optimize 
images. This may incur 
additional usage or cost 
from your provider. See: ht
tps://nextjs.org/docs/messa
ges/no-img-element  
@next/next/no-img-element
215:37  Warning: Using 
`<img>` could result in 
slower LCP and higher 
bandwidth. Consider using 
`<Image />` from 
`next/image` to 
automatically optimize 
images. This may incur 
additional usage or cost 
from your provider. See: ht
tps://nextjs.org/docs/messa
ges/no-img-element  
@next/next/no-img-element

./app/contact/ContactPageSe
ction.jsx
67:21  Warning: Using 
`<img>` could result in 
slower LCP and higher 
bandwidth. Consider using 
`<Image />` from 
`next/image` to 
automatically optimize 
images. This may incur 
additional usage or cost 
from your provider. See: ht
tps://nextjs.org/docs/messa
ges/no-img-element  
@next/next/no-img-element

./app/layout.jsx
30:9  Warning: Custom 
fonts not added in 
`pages/_document.js` will 
only load for a single 
page. This is discouraged. 
See: https://nextjs.org/doc
s/messages/no-page-custom-f
ont  @next/next/no-page-cus
tom-font

./app/loading.jsx
5:17  Warning: Using 
`<img>` could result in 
slower LCP and higher 
bandwidth. Consider using 
`<Image />` from 
`next/image` to 
automatically optimize 
images. This may incur 
additional usage or cost 
from your provider. See: ht
tps://nextjs.org/docs/messa
ges/no-img-element  
@next/next/no-img-element

./app/Main/Main.jsx
36:11  Warning: Using 
`<img>` could result in 
slower LCP and higher 
bandwidth. Consider using 
`<Image />` from 
`next/image` to 
automatically optimize 
images. This may incur 
additional usage or cost 
from your provider. See: ht
tps://nextjs.org/docs/messa
ges/no-img-element  
@next/next/no-img-element

./app/Main/SectionFlower.js
x
130:17  Warning: Using 
`<img>` could result in 
slower LCP and higher 
bandwidth. Consider using 
`<Image />` from 
`next/image` to 
automatically optimize 
images. This may incur 
additional usage or cost 
from your provider. See: ht
tps://nextjs.org/docs/messa
ges/no-img-element  
@next/next/no-img-element
151:17  Warning: Using 
`<img>` could result in 
slower LCP and higher 
bandwidth. Consider using 
`<Image />` from 
`next/image` to 
automatically optimize 
images. This may incur 
additional usage or cost 
from your provider. See: ht
tps://nextjs.org/docs/messa
ges/no-img-element  
@next/next/no-img-element

./app/Main/SectionProjectsM
obile.jsx
68:146  Error: `'` can be 
escaped with `&apos;`, 
`&lsquo;`, `&#39;`, 
`&rsquo;`.  
react/no-unescaped-entities

./app/Main/SectionTechstack
.jsx
207:37  Warning: Using 
`<img>` could result in 
slower LCP and higher 
bandwidth. Consider using 
`<Image />` from 
`next/image` to 
automatically optimize 
images. This may incur 
additional usage or cost 
from your provider. See: ht
tps://nextjs.org/docs/messa
ges/no-img-element  
@next/next/no-img-element
212:53  Warning: Using 
`<img>` could result in 
slower LCP and higher 
bandwidth. Consider using 
`<Image />` from 
`next/image` to 
automatically optimize 
images. This may incur 
additional usage or cost 
from your provider. See: ht
tps://nextjs.org/docs/messa
ges/no-img-element  
@next/next/no-img-element
217:53  Warning: Using 
`<img>` could result in 
slower LCP and higher 
bandwidth. Consider using 
`<Image />` from 
`next/image` to 
automatically optimize 
images. This may incur 
additional usage or cost 
from your provider. See: ht
tps://nextjs.org/docs/messa
ges/no-img-element  
@next/next/no-img-element
222:53  Warning: Using 
`<img>` could result in 
slower LCP and higher 
bandwidth. Consider using 
`<Image />` from 
`next/image` to 
automatically optimize 
images. This may incur 
additional usage or cost 
from your provider. See: ht
tps://nextjs.org/docs/messa
ges/no-img-element  
@next/next/no-img-element
227:53  Warning: Using 
`<img>` could result in 
slower LCP and higher 
bandwidth. Consider using 
`<Image />` from 
`next/image` to 
automatically optimize 
images. This may incur 
additional usage or cost 
from your provider. See: ht
tps://nextjs.org/docs/messa
ges/no-img-element  
@next/next/no-img-element
232:53  Warning: Using 
`<img>` could result in 
slower LCP and higher 
bandwidth. Consider using 
`<Image />` from 
`next/image` to 
automatically optimize 
images. This may incur 
additional usage or cost 
from your provider. See: ht
tps://nextjs.org/docs/messa
ges/no-img-element  
@next/next/no-img-element
299:45  Warning: Using 
`<img>` could result in 
slower LCP and higher 
bandwidth. Consider using 
`<Image />` from 
`next/image` to 
automatically optimize 
images. This may incur 
additional usage or cost 
from your provider. See: ht
tps://nextjs.org/docs/messa
ges/no-img-element  
@next/next/no-img-element
311:45  Warning: Using 
`<img>` could result in 
slower LCP and higher 
bandwidth. Consider using 
`<Image />` from 
`next/image` to 
automatically optimize 
images. This may incur 
additional usage or cost 
from your provider. See: ht
tps://nextjs.org/docs/messa
ges/no-img-element  
@next/next/no-img-element
323:45  Warning: Using 
`<img>` could result in 
slower LCP and higher 
bandwidth. Consider using 
`<Image />` from 
`next/image` to 
automatically optimize 
images. This may incur 
additional usage or cost 
from your provider. See: ht
tps://nextjs.org/docs/messa
ges/no-img-element  
@next/next/no-img-element

./app/Main/SectionTestimoni
als.jsx
81:41  Warning: Using 
`<img>` could result in 
slower LCP and higher 
bandwidth. Consider using 
`<Image />` from 
`next/image` to 
automatically optimize 
images. This may incur 
additional usage or cost 
from your provider. See: ht
tps://nextjs.org/docs/messa
ges/no-img-element  
@next/next/no-img-element
94:41  Warning: Using 
`<img>` could result in 
slower LCP and higher 
bandwidth. Consider using 
`<Image />` from 
`next/image` to 
automatically optimize 
images. This may incur 
additional usage or cost 
from your provider. See: ht
tps://nextjs.org/docs/messa
ges/no-img-element  
@next/next/no-img-element
107:41  Warning: Using 
`<img>` could result in 
slower LCP and higher 
bandwidth. Consider using 
`<Image />` from 
`next/image` to 
automatically optimize 
images. This may incur 
additional usage or cost 
from your provider. See: ht
tps://nextjs.org/docs/messa
ges/no-img-element  
@next/next/no-img-element
120:41  Warning: Using 
`<img>` could result in 
slower LCP and higher 
bandwidth. Consider using 
`<Image />` from 
`next/image` to 
automatically optimize 
images. This may incur 
additional usage or cost 
from your provider. See: ht
tps://nextjs.org/docs/messa
ges/no-img-element  
@next/next/no-img-element
133:41  Warning: Using 
`<img>` could result in 
slower LCP and higher 
bandwidth. Consider using 
`<Image />` from 
`next/image` to 
automatically optimize 
images. This may incur 
additional usage or cost 
from your provider. See: ht
tps://nextjs.org/docs/messa
ges/no-img-element  
@next/next/no-img-element
146:41  Warning: Using 
`<img>` could result in 
slower LCP and higher 
bandwidth. Consider using 
`<Image />` from 
`next/image` to 
automatically optimize 
images. This may incur 
additional usage or cost 
from your provider. See: ht
tps://nextjs.org/docs/messa
ges/no-img-element  
@next/next/no-img-element
159:41  Warning: Using 
`<img>` could result in 
slower LCP and higher 
bandwidth. Consider using 
`<Image />` from 
`next/image` to 
automatically optimize 
images. This may incur 
additional usage or cost 
from your provider. See: ht
tps://nextjs.org/docs/messa
ges/no-img-element  
@next/next/no-img-element

./app/Navigation.jsx
87:29  Warning: Using 
`<img>` could result in 
slower LCP and higher 
bandwidth. Consider using 
`<Image />` from 
`next/image` to 
automatically optimize 
images. This may incur 
additional usage or cost 
from your provider. See: ht
tps://nextjs.org/docs/messa
ges/no-img-element  
@next/next/no-img-element

./app/works/casestudy1/page
.jsx
107:21  Warning: Using 
`<img>` could result in 
slower LCP and higher 
bandwidth. Consider using 
`<Image />` from 
`next/image` to 
automatically optimize 
images. This may incur 
additional usage or cost 
from your provider. See: ht
tps://nextjs.org/docs/messa
ges/no-img-element  
@next/next/no-img-element
120:37  Warning: Using 
`<img>` could result in 
slower LCP and higher 
bandwidth. Consider using 
`<Image />` from 
`next/image` to 
automatically optimize 
images. This may incur 
additional usage or cost 
from your provider. See: ht
tps://nextjs.org/docs/messa
ges/no-img-element  
@next/next/no-img-element
124:37  Warning: Using 
`<img>` could result in 
slower LCP and higher 
bandwidth. Consider using 
`<Image />` from 
`next/image` to 
automatically optimize 
images. This may incur 
additional usage or cost 
from your provider. See: ht
tps://nextjs.org/docs/messa
ges/no-img-element  
@next/next/no-img-element
128:37  Warning: Using 
`<img>` could result in 
slower LCP and higher 
bandwidth. Consider using 
`<Image />` from 
`next/image` to 
automatically optimize 
images. This may incur 
additional usage or cost 
from your provider. See: ht
tps://nextjs.org/docs/messa
ges/no-img-element  
@next/next/no-img-element
137:25  Warning: Using 
`<img>` could result in 
slower LCP and higher 
bandwidth. Consider using 
`<Image />` from 
`next/image` to 
automatically optimize 
images. This may incur 
additional usage or cost 
from your provider. See: ht
tps://nextjs.org/docs/messa
ges/no-img-element  
@next/next/no-img-element
140:25  Warning: Using 
`<img>` could result in 
slower LCP and higher 
bandwidth. Consider using 
`<Image />` from 
`next/image` to 
automatically optimize 
images. This may incur 
additional usage or cost 
from your provider. See: ht
tps://nextjs.org/docs/messa
ges/no-img-element  
@next/next/no-img-element
143:25  Warning: Using 
`<img>` could result in 
slower LCP and higher 
bandwidth. Consider using 
`<Image />` from 
`next/image` to 
automatically optimize 
images. This may incur 
additional usage or cost 
from your provider. See: ht
tps://nextjs.org/docs/messa
ges/no-img-element  
@next/next/no-img-element
146:25  Warning: Using 
`<img>` could result in 
slower LCP and higher 
bandwidth. Consider using 
`<Image />` from 
`next/image` to 
automatically optimize 
images. This may incur 
additional usage or cost 
from your provider. See: ht
tps://nextjs.org/docs/messa
ges/no-img-element  
@next/next/no-img-element
149:25  Warning: Using 
`<img>` could result in 
slower LCP and higher 
bandwidth. Consider using 
`<Image />` from 
`next/image` to 
automatically optimize 
images. This may incur 
additional usage or cost 
from your provider. See: ht
tps://nextjs.org/docs/messa
ges/no-img-element  
@next/next/no-img-element
152:25  Warning: Using 
`<img>` could result in 
slower LCP and higher 
bandwidth. Consider using 
`<Image />` from 
`next/image` to 
automatically optimize 
images. This may incur 
additional usage or cost 
from your provider. See: ht
tps://nextjs.org/docs/messa
ges/no-img-element  
@next/next/no-img-element

./app/works/WorksPageSectio
n.jsx
365:21  Warning: Using 
`<img>` could result in 
slower LCP and higher 
bandwidth. Consider using 
`<Image />` from 
`next/image` to 
automatically optimize 
images. This may incur 
additional usage or cost 
from your provider. See: ht
tps://nextjs.org/docs/messa
ges/no-img-element  
@next/next/no-img-element
376:21  Warning: Using 
`<img>` could result in 
slower LCP and higher 
bandwidth. Consider using 
`<Image />` from 
`next/image` to 
automatically optimize 
images. This may incur 
additional usage or cost 
from your provider. See: ht
tps://nextjs.org/docs/messa
ges/no-img-element  
@next/next/no-img-element
387:21  Warning: Using 
`<img>` could result in 
slower LCP and higher 
bandwidth. Consider using 
`<Image />` from 
`next/image` to 
automatically optimize 
images. This may incur 
additional usage or cost 
from your provider. See: ht
tps://nextjs.org/docs/messa
ges/no-img-element  
@next/next/no-img-element
398:21  Warning: Using 
`<img>` could result in 
slower LCP and higher 
bandwidth. Consider using 
`<Image />` from 
`next/image` to 
automatically optimize 
images. This may incur 
additional usage or cost 
from your provider. See: ht
tps://nextjs.org/docs/messa
ges/no-img-element  
@next/next/no-img-element
439:25  Warning: Using 
`<img>` could result in 
slower LCP and higher 
bandwidth. Consider using 
`<Image />` from 
`next/image` to 
automatically optimize 
images. This may incur 
additional usage or cost 
from your provider. See: ht
tps://nextjs.org/docs/messa
ges/no-img-element  
@next/next/no-img-element
461:25  Warning: Using 
`<img>` could result in 
slower LCP and higher 
bandwidth. Consider using 
`<Image />` from 
`next/image` to 
automatically optimize 
images. This may incur 
additional usage or cost 
from your provider. See: ht
tps://nextjs.org/docs/messa
ges/no-img-element  
@next/next/no-img-element
483:25  Warning: Using 
`<img>` could result in 
slower LCP and higher 
bandwidth. Consider using 
`<Image />` from 
`next/image` to 
automatically optimize 
images. This may incur 
additional usage or cost 
from your provider. See: ht
tps://nextjs.org/docs/messa
ges/no-img-element  
@next/next/no-img-element
505:25  Warning: Using 
`<img>` could result in 
slower LCP and higher 
bandwidth. Consider using 
`<Image />` from 
`next/image` to 
automatically optimize 
images. This may incur 
additional usage or cost 
from your provider. See: ht
tps://nextjs.org/docs/messa
ges/no-img-element  
@next/next/no-img-element

info  - Need to disable 
some ESLint rules? Learn 
more here: https://nextjs.o
rg/docs/basic-features/esli
nt#disabling-rules
